Runtime ARM64 ISA: _ASIMD_ _ASIMD_HP_ _ASIMD_DP_ _BF16_ _I8MM_ _FHM_ _ASIMD_FCMA_ _ASIMD_REDUCE_ _ASIMD_RECIP_ _ASIMD_INT_MAC_ _ASIMD_TBL_ _SVE_ _SVE_I8MM_ _SVE_BF16_ _SVE_FP16_FMLA_ _SVE2_ _LDP_ _ISSUE_
Number Threads: 1
Thread Pool Binding: 0
 SVE : 16
-------------------------------------------------------------------------------------------
| Instruction Set | Core Computation              | Peak Performance | IPC      | Latency |
| i8mm            | mmla(s32,s8,s8)               | 668.94 GOPS      | 3.184290 | -       |
| i8mm            | mmla(u32,u8,u8)               | 695.05 GOPS      | 3.308552 | 1       |
| i8mm            | mmla(s32,u8,s8)               | 700.28 GOPS      | 3.333453 | 1       |
| i8mm            | dp4a.vs(s32,s8,u8)            | 348.1 GOPS       | 3.314011 | 1       |
| i8mm            | dp4a.vs(s32,u8,s8)            | 340.26 GOPS      | 3.239446 | 1       |
| i8mm            | dp4a.vv(s32,u8,s8)            | 331.04 GOPS      | 3.151585 | 1       |
| asimd_dp        | dp4a.vs(s32,s8,s8)            | 316.37 GOPS      | 3.011927 | 1       |
| asimd_dp        | dp4a.vv(s32,s8,s8)            | 346.45 GOPS      | 3.298341 | 1       |
| asimd_dp        | dp4a.vs(u32,u8,u8)            | 359.34 GOPS      | 3.421029 | 1       |
| asimd_dp        | dp4a.vv(u32,u8,u8)            | 332.13 GOPS      | 3.162039 | 1       |
| bf16            | mmla(f32,bf16,bf16)           | 318.99 GFLOPS    | 3.036895 | 4       |
| bf16            | dp2a.vs(f32,bf16,bf16)        | 169.81 GFLOPS    | 3.233377 | 3       |
| bf16            | dp2a.vv(f32,bf16,bf16)        | 171.48 GFLOPS    | 3.265195 | 3       |
| bf16            | bfmlalb(f32,bf16,bf16)        | 87.948 GFLOPS    | 3.349173 | 2       |
| bf16            | bfmlalt(f32,bf16,bf16)        | 81.757 GFLOPS    | 3.113420 | 2       |
| bf16            | bfmlalb.lane(f32,bf16,bf16)   | 88.114 GFLOPS    | 3.355528 | 2       |
| bf16            | bfmlalt.lane(f32,bf16,bf16)   | 88.984 GFLOPS    | 3.388629 | 2       |
| bf16            | bfmlalb.laneq(f32,bf16,bf16)  | 85.192 GFLOPS    | 3.244226 | 2       |
| bf16            | bfmlalt.laneq(f32,bf16,bf16)  | 88.372 GFLOPS    | 3.365321 | 2       |
| FHM             | fmlal.vv(f32,f16,f16)         | 86.55 GFLOPS     | 3.295950 | -       |
| FHM             | fmlal2.vv(f32,f16,f16)        | 92.202 GFLOPS    | 3.511196 | 2       |
| FHM             | fmlal.vs(f32,f16,f16)         | 82.821 GFLOPS    | 3.153952 | 2       |
| FHM             | fmlal_pair.vv(f32,f16,f16)    | 87.078 GFLOPS    | 3.316039 | -       |
| asimd_hp        | fmla.vs(fp16,fp16,fp16)       | 171.47 GFLOPS    | 3.264991 | -       |
| asimd_hp        | fmla.vv(fp16,fp16,fp16)       | 177.04 GFLOPS    | 3.370942 | -       |
| asimd           | fmla.vs(f32,f32,f32)          | 85.16 GFLOPS     | 3.243027 | 2       |
| asimd           | fmla.vv(f32,f32,f32)          | 86.638 GFLOPS    | 3.299283 | 2       |
| asimd           | fmla.vs(f64,f64,f64)          | 43.258 GFLOPS    | 3.294640 | 2       |
| asimd           | fmla.vv(f64,f64,f64)          | 44.056 GFLOPS    | 3.355440 | 2       |
| asimd           | hybrid_fp32_mla_6x16          | 97.338 GFLOPS    | 0.926690 | -       |
| asimd           | fmls.vv(f32,f32,f32)          | 83.402 GFLOPS    | 3.176082 | 2       |
| asimd           | fneg+fmla.vv(f32,f32,f32)     | 19.007 GFLOPS    | 1.447665 | 3       |
| asimd           | fadd.vv(f32,f32,f32)          | 43.017 GFLOPS    | 3.276263 | 2       |
| asimd           | fmul.vv(f32,f32,f32)          | 43.915 GFLOPS    | 3.344724 | 3       |
| asimd           | sve_fmla.vs(f32,f32,f32)      | 92.561 GFLOPS    | 3.524858 | -       |
| asimd           | sve_fmla.vv(f32,f32,f32)      | 105.07 GFLOPS    | 4.001204 | 4       |
| asimd           | sve_fmla.vs(f64,f64,f64)      | 45.945 GFLOPS    | 3.499312 | -       |
| asimd           | sve_fmla.vv(f64,f64,f64)      | 52.537 GFLOPS    | 4.001337 | 4       |
| sve_complex     | sve_fcmla.vv(f32,f32,f32)#0   | 93.982 GFLOPS    | 3.578960 | 2       |
| sve_complex     | sve_fcmla.vv(f32,f32,f32)#90  | 93.055 GFLOPS    | 3.543687 | 2       |
| sve_complex     | sve_fcmla.vv(f32,f32,f32)#180 | 93.272 GFLOPS    | 3.551938 | 2       |
| sve_complex     | sve_fcmla.vv(f32,f32,f32)#270 | 93.412 GFLOPS    | 3.557271 | 2       |
| sve_complex     | sve_fcmla.vv(f64,f64,f64)#0   | 45.906 GFLOPS    | 3.496368 | 2       |
| sve_complex     | sve_fcmla.vv(f64,f64,f64)#90  | 46.174 GFLOPS    | 3.516711 | 2       |
| sve_complex     | sve_fcmla.vv(f64,f64,f64)#180 | 44.079 GFLOPS    | 3.357159 | 2       |
| sve_complex     | sve_fcmla.vv(f64,f64,f64)#270 | 46.82 GFLOPS     | 3.565982 | 2       |
| sve_reduce      | sve_fadda(f32)                | 1.8766 GFLOPS    | 0.142931 | 7       |
| sve_reduce      | sve_fadda(f64)                | 1.6417 GFLOPS    | 0.250073 | 4       |
| sve_reduce      | sve_faddv(f32)                | 13.139 GFLOPS    | 1.000686 | -       |
| sve_reduce      | sve_faddv(f64)                | 12.42 GFLOPS     | 1.891830 | -       |
| asimd_fcma      | fcmla.vv(f32,f32,f32)#0       | 83.824 GFLOPS    | 3.192138 | 2       |
| asimd_fcma      | fcmla.vv(f32,f32,f32)#90      | 86.244 GFLOPS    | 3.284306 | 2       |
| asimd_fcma      | fcmla.vv(f32,f32,f32)#180     | 88.208 GFLOPS    | 3.359100 | 2       |
| asimd_fcma      | fcmla.vv(f32,f32,f32)#270     | 85.929 GFLOPS    | 3.272303 | 2       |
| asimd_fcma      | fcmla_pair.vv(f32,f32,f32)    | 57.805 GFLOPS    | 2.201292 | -       |
| asimd_fcma      | fcmla.vv(f16,f16,f16)#0       | 187.04 GFLOPS    | 3.561298 | 2       |
| asimd_fcma      | fcmla.vv(f16,f16,f16)#90      | 171.74 GFLOPS    | 3.270099 | 2       |
| asimd_fcma      | fcmla.vv(f16,f16,f16)#180     | 173.42 GFLOPS    | 3.302087 | 2       |
| asimd_fcma      | fcmla.vv(f16,f16,f16)#270     | 172.05 GFLOPS    | 3.275937 | 2       |
| asimd_reduce    | faddp.vvv(f32)                | 41.074 GFLOPS    | 3.128329 | 3       |
| asimd_reduce    | fmaxv(f32)                    | 24.847 GOPS      | 1.892415 | -       |
| asimd_reduce    | saddlv(s8)                    | 40.857 GOPS      | 0.777953 | -       |
| asimd_reduce    | smaxv(s32)                    | 26.266 GOPS      | 2.000467 | -       |
| asimd_reduce    | fmaxv(f16)                    | 26.277 GOPS      | 1.000655 | -       |
| asimd_recip     | frecpe+frecps(f32)            | 39.15 GFLOPS     | 1.987863 | 4       |
| asimd_recip     | frsqrte+frsqrts(f32)          | 39.24 GFLOPS     | 1.992408 | 4       |
| asimd_recip     | frecpe+frecps(f16)            | 39.409 GFLOPS    | 1.000506 | 5       |
| asimd_int_mac   | mla.vs(s32,s32,s32)           | 52.549 GOPS      | 2.001153 | 1       |
| asimd_int_mac   | mla.vv(s32,s32,s32)           | 52.533 GOPS      | 2.000547 | 1       |
| asimd_int_mac   | mla.vs(s16,s16,s16)           | 105.09 GOPS      | 2.001054 | 1       |
| asimd_int_mac   | sqdmlal.vv(s32,s16,s16)       | 52.542 GOPS      | 2.000891 | 2       |
| asimd_int_mac   | sqdmlal2.vv(s32,s16,s16)      | 52.535 GOPS      | 2.000610 | 2       |
| asimd_tbl       | tbl.4table(u8)                | 52.413 GOPS      | 0.997989 | 4       |
| asimd_tbl       | tbx.4table(u8)                | 26.263 GOPS      | 0.500070 | 6       |
| sve_i8mm        | sve_mmla(s32,s8,s8)           | 744.5 GOPS       | 3.543950 | 1       |
| sve_i8mm        | sve_mmla(u32,u8,u8)           | 731.37 GOPS      | 3.481465 | 1       |
| sve_i8mm        | sve_mmla(s32,u8,s8)           | 703.26 GOPS      | 3.347664 | 1       |
| sve_i8mm        | sve_dp4a.vv(s32,s8,s8)        | 84.539 GOPS      | 3.219371 | 1       |
| sve_i8mm        | sve_dp4a.vv(s32,u8,u8)        | 91.681 GOPS      | 3.491359 | 1       |
| sve_i8mm        | sve_dp4a.vv(s32,u8,s8)        | 89.446 GOPS      | 3.406241 | 1       |
| sve_bf16        | sve_bfmmla(f32,bf16,bf16)     | 397.51 GFLOPS    | 3.784471 | 4       |
| sve_bf16        | sve_bfdot.vv(f32,bf16,bf16)   | 169.78 GFLOPS    | 3.232769 | 3       |
| sve_bf16        | sve_bfdot.vs(f32,bf16,bf16)   | 171.88 GFLOPS    | 3.272707 | 3       |
| sve_fp16        | sve_fmla.vv(f16,f16,f16)      | 187.06 GFLOPS    | 3.561692 | -       |
| sve_fp16        | sve_fmla.vs(f16,f16,f16)      | 187.36 GFLOPS    | 3.567462 | -       |
| sve2            | sve2_sqrdmlah.vv(s16,s16,s16) | 105.06 GOPS      | 2.000329 | 2       |
-------------------------------------------------------------------------------------------
